// Jest Snapshot v1, https://goo.gl/fbAQLP

exports[`renders Alert unchanged 1`] = `
<div>
  <blockquote
    class="alert "
    role="alert"
  >
    <div
      class="message"
    >
      A message for the user
    </div>
  </blockquote>
</div>
`;
